// Jest Snapshot v1, https://goo.gl/fbAQLP

exports[`handleSendOtp - success starts countdown and disables button 1`] = `
<button
  class="ant-btn css-dev-only-do-not-override-1odpy5d ant-btn-link ant-btn-color-link ant-btn-variant-link"
  disabled=""
  style="padding: 0px; height: auto;"
  type="button"
>
  <span>
    Resend in 05:00
  </span>
</button>
`;
